/Volumes/T7/ra.one the game/monsoon-kingdoms/tools/build-units.py:17: DeprecationWarning: 'Material.use_nodes' is expected to be removed in Blender 6.0
  m=bpy.data.materials.new(name);m.diffuse_color=(*color,1);m.use_nodes=True
/Volumes/T7/ra.one the game/monsoon-kingdoms/tools/build-units.py:313: DeprecationWarning: 'World.use_nodes' is expected to be removed in Blender 6.0
  S.world=bpy.data.worlds.new('Soft studio');S.world.use_nodes=True
INFO Draco is available, use library at /Applications/Blender.app/Contents/Resources/5.2/scripts/addons_core/io_scene_gltf2/libbf_intern_draco_bridge.dylib
INFO MeshOptimizer is available, use library at /Applications/Blender.app/Contents/Resources/5.2/scripts/addons_core/io_scene_gltf2/libbf_intern_meshopt_bridge.dylib
23:46:44 | INFO: Starting glTF 2.0 export
23:46:44 | INFO: Extracting primitive: Cone.016
23:46:44 | INFO: Primitives created: 4
23:46:44 | INFO: Finished glTF 2.0 export in 0.042704105377197266 s
00:03.509  render           | Saved: '/Volumes/T7/ra.one the game/monsoon-kingdoms/assets/units/guard.png'

ASSET_RESULT {"id": "guard", "file": "guard.glb", "portrait": "guard.png", "triangles": 10422, "materials": ["Dark leather and hair", "Hammered brass", "Indigo woven cloth", "Warm umber skin"], "height": 1.98, "width": 1.015, "depth": 0.543, "root": "feet at origin, +Z forward, +Y up", "animation": "static root bobbing"}
23:46:47 | INFO: Starting glTF 2.0 export
23:46:47 | INFO: Extracting primitive: Cone.052
23:46:47 | INFO: Primitives created: 4
23:46:47 | INFO: Finished glTF 2.0 export in 0.03757619857788086 s
00:06.398  render           | Saved: '/Volumes/T7/ra.one the game/monsoon-kingdoms/assets/units/archer.png'

ASSET_RESULT {"id": "archer", "file": "archer.glb", "portrait": "archer.png", "triangles": 10302, "materials": ["Dark leather and hair", "Hammered brass", "Indigo woven cloth", "Warm umber skin"], "height": 1.51, "width": 1.282, "depth": 0.522, "root": "feet at origin, +Z forward, +Y up", "animation": "static root bobbing"}
23:46:50 | INFO: Starting glTF 2.0 export
23:46:50 | INFO: Extracting primitive: Cone.092
23:46:50 | INFO: Primitives created: 4
23:46:50 | INFO: Finished glTF 2.0 export in 0.024881839752197266 s
00:09.377  render           | Saved: '/Volumes/T7/ra.one the game/monsoon-kingdoms/assets/units/engineer.png'

ASSET_RESULT {"id": "engineer", "file": "engineer.glb", "portrait": "engineer.png", "triangles": 9712, "materials": ["Dark leather and hair", "Hammered brass", "Indigo woven cloth", "Warm umber skin"], "height": 1.51, "width": 0.882, "depth": 0.535, "root": "feet at origin, +Z forward, +Y up", "animation": "static root bobbing"}
23:46:54 | INFO: Starting glTF 2.0 export
23:46:54 | INFO: Extracting primitive: Sphere.183
23:46:54 | INFO: Primitives created: 4
23:46:54 | INFO: Finished glTF 2.0 export in 0.0732259750366211 s
00:13.062  render           | Saved: '/Volumes/T7/ra.one the game/monsoon-kingdoms/assets/units/rider.png'

ASSET_RESULT {"id": "rider", "file": "rider.glb", "portrait": "rider.png", "triangles": 11639, "materials": ["Dark leather and hair", "Hammered brass", "Indigo woven cloth", "Warm umber skin"], "height": 2.64, "width": 1.025, "depth": 1.944, "root": "feet at origin, +Z forward, +Y up", "animation": "static root bobbing"}
23:46:59 | INFO: Starting glTF 2.0 export
23:46:59 | INFO: Extracting primitive: Sphere.253
23:46:59 | INFO: Primitives created: 4
23:46:59 | INFO: Finished glTF 2.0 export in 0.03332996368408203 s
00:18.298  render           | Saved: '/Volumes/T7/ra.one the game/monsoon-kingdoms/assets/units/elephant.png'

ASSET_RESULT {"id": "elephant", "file": "elephant.glb", "portrait": "elephant.png", "triangles": 17908, "materials": ["Dark leather and hair", "Elephant warm slate", "Hammered brass", "Indigo woven cloth"], "height": 2.806, "width": 1.427, "depth": 2.788, "root": "feet at origin, +Z forward, +Y up", "animation": "static root bobbing"}
23:47:03 | INFO: Starting glTF 2.0 export
23:47:03 | INFO: Extracting primitive: Cone.251
23:47:03 | INFO: Primitives created: 4
23:47:03 | INFO: Finished glTF 2.0 export in 0.01912093162536621 s
00:21.037  render           | Saved: '/Volumes/T7/ra.one the game/monsoon-kingdoms/assets/units/healer.png'

ASSET_RESULT {"id": "healer", "file": "healer.glb", "portrait": "healer.png", "triangles": 10931, "materials": ["Dark leather and hair", "Hammered brass", "Indigo woven cloth", "Warm umber skin"], "height": 1.993, "width": 1.085, "depth": 0.46, "root": "feet at origin, +Z forward, +Y up", "animation": "static root bobbing"}
Info: Saved as "units.blend"
23:47:04 | INFO: Starting glTF 2.0 export
23:47:04 | INFO: Extracting primitive: Cone.286
23:47:04 | INFO: Primitives created: 3
23:47:04 | INFO: Finished glTF 2.0 export in 0.008677959442138672 s
00:22.838  render           | Saved: '/Volumes/T7/ra.one the game/monsoon-kingdoms/assets/environment/banyan.png'

ASSET_RESULT {"id": "banyan", "file": "banyan.glb", "portrait": "banyan.png", "triangles": 2932, "materials": ["Banyan jade foliage", "Carved teak and bark", "Sunlit new foliage"], "height": 3.874, "width": 4.504, "depth": 4.719, "root": "feet at origin, +Z forward, +Y up", "animation": "static"}
23:47:06 | INFO: Starting glTF 2.0 export
23:47:06 | INFO: Extracting primitive: Palm bent trunk.001
23:47:06 | INFO: Primitives created: 3
23:47:06 | INFO: Finished glTF 2.0 export in 0.011362075805664062 s
00:24.455  render           | Saved: '/Volumes/T7/ra.one the game/monsoon-kingdoms/assets/environment/palm.png'

ASSET_RESULT {"id": "palm", "file": "palm.glb", "portrait": "palm.png", "triangles": 6240, "materials": ["Banyan jade foliage", "Carved teak and bark", "Sunlit new foliage"], "height": 3.297, "width": 3.496, "depth": 3.325, "root": "feet at origin, +Z forward, +Y up", "animation": "static"}
23:47:08 | INFO: Starting glTF 2.0 export
23:47:08 | INFO: Extracting primitive: Icosphere.026
23:47:08 | INFO: Primitives created: 1
23:47:08 | INFO: Finished glTF 2.0 export in 0.006635904312133789 s
00:26.342  render           | Saved: '/Volumes/T7/ra.one the game/monsoon-kingdoms/assets/environment/rocks.png'

ASSET_RESULT {"id": "rocks", "file": "rocks.glb", "portrait": "rocks.png", "triangles": 120, "materials": ["Weathered basalt"], "height": 0.88, "width": 1.549, "depth": 1.158, "root": "feet at origin, +Z forward, +Y up", "animation": "static"}
23:47:10 | INFO: Starting glTF 2.0 export
23:47:10 | INFO: Extracting primitive: Icosphere.037
23:47:10 | INFO: Primitives created: 2
23:47:10 | INFO: Finished glTF 2.0 export in 0.022578954696655273 s
00:29.649  render           | Saved: '/Volumes/T7/ra.one the game/monsoon-kingdoms/assets/environment/bush.png'

ASSET_RESULT {"id": "bush", "file": "bush.glb", "portrait": "bush.png", "triangles": 400, "materials": ["Banyan jade foliage", "Sunlit new foliage"], "height": 0.6, "width": 1.024, "depth": 1.057, "root": "feet at origin, +Z forward, +Y up", "animation": "static"}
23:47:15 | INFO: Starting glTF 2.0 export
23:47:15 | INFO: Extracting primitive: Cube.033
23:47:15 | INFO: Primitives created: 4
23:47:15 | INFO: Finished glTF 2.0 export in 0.023011207580566406 s
00:35.386  render           | Saved: '/Volumes/T7/ra.one the game/monsoon-kingdoms/assets/environment/cart.png'

ASSET_RESULT {"id": "cart", "file": "cart.glb", "portrait": "cart.png", "triangles": 5188, "materials": ["Carved teak and bark", "Dark leather and hair", "Fired terracotta", "Sunlit new foliage"], "height": 1.044, "width": 1.53, "depth": 2.467, "root": "feet at origin, +Z forward, +Y up", "animation": "static"}
23:47:19 | INFO: Starting glTF 2.0 export
23:47:19 | INFO: Extracting primitive: Sphere.369
23:47:19 | INFO: Primitives created: 3
23:47:19 | INFO: Finished glTF 2.0 export in 0.06458306312561035 s
00:39.717  render           | Saved: '/Volumes/T7/ra.one the game/monsoon-kingdoms/assets/environment/jars.png'

ASSET_RESULT {"id": "jars", "file": "jars.glb", "portrait": "jars.png", "triangles": 3408, "materials": ["Carved teak and bark", "Dark leather and hair", "Fired terracotta"], "height": 0.685, "width": 0.885, "depth": 0.743, "root": "feet at origin, +Z forward, +Y up", "animation": "static"}
Info: Saved as "environment.blend"
BUILD_COMPLETE
Blender 5.2.1 LTS (hash 9e2066aef7ef built 2026-08-25 01:35:57)

Blender quit
