/Volumes/T7/ra.one the game/monsoon-kingdoms/tools/build-units.py:17: DeprecationWarning: 'Material.use_nodes' is expected to be removed in Blender 6.0
  m=bpy.data.materials.new(name);m.diffuse_color=(*color,1);m.use_nodes=True
/Volumes/T7/ra.one the game/monsoon-kingdoms/tools/build-units.py:313: DeprecationWarning: 'World.use_nodes' is expected to be removed in Blender 6.0
  S.world=bpy.data.worlds.new('Soft studio');S.world.use_nodes=True
INFO Draco is available, use library at /Applications/Blender.app/Contents/Resources/5.2/scripts/addons_core/io_scene_gltf2/libbf_intern_draco_bridge.dylib
INFO MeshOptimizer is available, use library at /Applications/Blender.app/Contents/Resources/5.2/scripts/addons_core/io_scene_gltf2/libbf_intern_meshopt_bridge.dylib
00:23:58 | INFO: Starting glTF 2.0 export
00:23:58 | INFO: Extracting primitive: Cone.018
00:23:58 | INFO: Primitives created: 5
00:23:58 | INFO: Finished glTF 2.0 export in 0.032334089279174805 s
00:03.616  render           | Saved: '/Volumes/T7/ra.one the game/monsoon-kingdoms/assets/heroes/veer.png'

ASSET_RESULT {"id": "veer", "file": "veer.glb", "portrait": "veer.png", "triangles": 14531, "materials": ["Dark leather and hair", "Hammered brass", "Indigo woven cloth", "Royal saffron silk", "Warm umber skin"], "height": 1.985, "width": 1.493, "depth": 0.928, "root": "feet at origin, +Z forward, +Y up", "animation": "static root bobbing"}
00:24:01 | INFO: Starting glTF 2.0 export
00:24:01 | INFO: Extracting primitive: Cone.065
00:24:01 | INFO: Primitives created: 5
00:24:01 | INFO: Finished glTF 2.0 export in 0.025099992752075195 s
00:06.719  render           | Saved: '/Volumes/T7/ra.one the game/monsoon-kingdoms/assets/heroes/tara.png'

ASSET_RESULT {"id": "tara", "file": "tara.glb", "portrait": "tara.png", "triangles": 12473, "materials": ["Dark leather and hair", "Hammered brass", "Monsoon teal scarf", "Ranger emerald textile", "Warm umber skin"], "height": 1.987, "width": 1.481, "depth": 0.827, "root": "feet at origin, +Z forward, +Y up", "animation": "static root bobbing"}
00:24:08 | INFO: Starting glTF 2.0 export
00:24:08 | INFO: Extracting primitive: Sphere.227
00:24:08 | INFO: Primitives created: 5
00:24:08 | INFO: Finished glTF 2.0 export in 0.032943010330200195 s
00:13.773  render           | Saved: '/Volumes/T7/ra.one the game/monsoon-kingdoms/assets/units/elephant.png'

ASSET_RESULT {"id": "elephant", "file": "elephant.glb", "portrait": "elephant.png", "triangles": 24250, "materials": ["Dark leather and hair", "Elephant warm slate", "Hammered brass", "Indigo woven cloth", "Warm umber skin"], "height": 3.415, "width": 1.564, "depth": 2.788, "root": "feet at origin, +Z forward, +Y up", "animation": "static root bobbing"}
Info: Saved as "heroes.blend"
HERO_BUILD_COMPLETE
Blender 5.2.1 LTS (hash 9e2066aef7ef built 2026-08-25 01:35:57)

Blender quit
